
> nexus-logic@1.0.0 build
> next build

  Ôû▓ Next.js 14.2.35
  - Environments: .env.local

   Creating an optimized production build ...
node.exe : Failed to 
compile.
Au caractère Ligne:1 
: 1
+ & "C:\Program Files\
nodejs/node.exe" 
"C:\Program 
Files\nodejs/node_mo 
...
+ ~~~~~~~~~~~~~~~~~~~~
~~~~~~~~~~~~~~~~~~~~~~
~~~~~~~~~~~~~~~~~~~~~~
~~~~~
    + CategoryInfo    
          : NotSpeci  
  fied: (Failed to    
 compile.:String)     
[], RemoteExcepti    
on
    + FullyQualifiedE 
   rrorId : NativeCo  
  mmandError
 

./lib/i18n/dictionarie
s.ts
Error: 
  [31mx[0m You're 
importing a component 
that needs 
server-only. That 
only works in a 
Server Component 
which is not 
supported in the 
pages/ directory. 
Read more: https://nex
tjs.org/docs/getting-s
tarted/
  [31m|[0m react-ess
entials#server-compone
nts
  [31m|[0m 
  [31m|[0m 
   ,-[[36;1;4mC:\User
s\donsk\Downloads\nexu
s logic\lib\i18n\dicti
onaries.ts[0m:1:1]
 [2m1[0m | import 
'server-only'
   : [31;1m^^^^^^^^^^
^^^^^^^^^^[0m
 [2m2[0m | import 
type { Locale } from 
'./config'
 [2m3[0m | 
 [2m3[0m | // 
Dictionary type - 
we'll add more as we 
build
   `----

Import trace for 
requested module:
./lib/i18n/dictionarie
s.ts
./app/[lang]/error.tsx


> Build failed 
because of webpack 
errors
